// Jest Snapshot v1, https://goo.gl/fbAQLP

exports[`Pagination plugin should render the pagination with no records 1`] = `"<div class="gridjs-pagination"><div class="gridjs-pages"><button tabindex="0" role="button" type="button" disabled="" title="Previous" aria-label="Previous" class="">Previous</button><button tabindex="0" role="button" type="button" class="gridjs-currentPage" title="Page 1" aria-label="Page 1">1</button><button tabindex="0" role="button" type="button" disabled="" title="Next" aria-label="Next" class="">Next</button></div></div>"`;

exports[`Pagination plugin should render the pagination with one page 1`] = `"<div class="gridjs-pagination"><div role="status" aria-live="polite" class="gridjs-summary" title="Page 1 of 1">Showing <b>1</b> to <b>3</b> of <b>3</b> results<p id="grid-js-per-page-select">Showing <select name="gridjs" class="gridjs-per-page-select" aria-labelledby="grid-js-per-page-select"><option value="5">5</option><option value="10">10</option><option value="25">25</option><option value="50">50</option><option value="-1">All</option></select> results</p></div><div class="gridjs-pages"><button tabindex="0" role="button" type="button" disabled="" title="Previous" aria-label="Previous" class="">Previous</button><button tabindex="0" role="button" type="button" class="gridjs-currentPage" title="Page 1" aria-label="Page 1">1</button><button tabindex="0" role="button" type="button" disabled="" title="Next" aria-label="Next" class="">Next</button></div></div>"`;

exports[`Pagination plugin should render the pagination with three page 1`] = `"<div class="gridjs-pagination"><div role="status" aria-live="polite" class="gridjs-summary" title="Page 1 of 3">Showing <b>1</b> to <b>1</b> of <b>3</b> results<p id="grid-js-per-page-select">Showing <select name="gridjs" class="gridjs-per-page-select" aria-labelledby="grid-js-per-page-select"><option value="5">5</option><option value="10">10</option><option value="25">25</option><option value="50">50</option><option value="-1">All</option></select> results</p></div><div class="gridjs-pages"><button tabindex="0" role="button" type="button" disabled="" title="Previous" aria-label="Previous" class="">Previous</button><button tabindex="0" role="button" type="button" class="gridjs-currentPage" title="Page 1" aria-label="Page 1">1</button><button tabindex="0" role="button" type="button" class="" title="Page 2" aria-label="Page 2">2</button><button tabindex="0" role="button" type="button" class="" title="Page 3" aria-label="Page 3">3</button><button tabindex="0" role="button" type="button" title="Next" aria-label="Next" class="">Next</button></div></div>"`;
